go : # 
mastutik-api/services [mast
utik-api/services.test]
At line:1 char:1
+ go test ./services/... 
-v > error_log.txt 2>&1; 
Get-Content error_log ...
+ ~~~~~~~~~~~~~~~~~~~~~~~~~
~~~~~~~~~~~~~~~~~~~~~
    + CategoryInfo         
     : NotSpecified: (# m  
  astutik-api/.../servic   
 es.test]:String) [], R    
emoteException
    + FullyQualifiedErrorI 
   d : NativeCommandError
 
services\order_race_test.go
:15:2: 
"mastutik-api/models" 
imported and not used
services\order_race_test.go
:50:72: cannot use xendit 
(variable of type 
*mockXenditRace) as 
XenditService value in 
argument to 
NewOrderService: 
*mockXenditRace does not 
implement XenditService 
(wrong type for method 
CreateInvoice)
		have 
CreateInvoice(string, 
string, float64, string, 
string) (string, string, 
error)
		want 
CreateInvoice(uuid.UUID, 
string, float64, string, 
string) (string, string, 
error)
FAIL	mastutik-api/services [build failed]
FAIL
